
> barbershop@0.1.0 build
> next build

node.exe : ÔÜá Warning: 
Next.js inferred your 
workspace root, but it may 
not be correct.
En línea: 1 Carácter: 1
+ & "C:\Program 
Files\nodejs/node.exe" 
"C:\Program 
Files\nodejs/node_mo ...
+ ~~~~~~~~~~~~~~~~~~~~~~~~~
~~~~~~~~~~~~~~~~~~~~~~~~~~~
~~~~~~~~~~~~~~~~~
    + CategoryInfo         
     : NotSpecified: (ÔÜá  
   Warning: Ne...not be    
 correct.:String) [], R    
emoteException
    + FullyQualifiedErrorI 
   d : NativeCommandError
 
 We detected multiple 
lockfiles and selected the 
directory of C:\Users\HP\pa
ckage-lock.json as the 
root directory.
 To silence this warning, 
set `turbopack.root` in 
your Next.js config, or 
consider removing one of 
the lockfiles if it's not 
needed.
   See https://nextjs.org/d
ocs/app/api-reference/confi
g/next-config-js/turbopack#
root-directory for more 
information.
 Detected additional 
lockfiles: 
   * C:\Users\HP\.gemini\an
tigravity\scratch\barbersho
p\package-lock.json

Ôû▓ Next.js 16.1.6 (Turbopack)
- Environments: .env

  Creating an optimized production build ...

> Build error occurred
Error: Turbopack build 
failed with 3 errors:
./.gemini/antigravity/scrat
ch/barbershop/app/book/[sho
pId]/BookingForm.tsx:226:47
Parsing ecmascript source 
code failed
[0m [90m 224 |[39m
 [90m 225 |[39m          
   [90m// Redirect 
happens in the route 
itself[39m
[31m[1m>[22m[39m[90m 
226 |[39m             wind
ow[33m.[39mlocation[33m.
[39mhref [33m=[39m 
res[33m.[39murl 
[33m||[39m [37m[41m[1m
\[22m[49m[39m[33m/[39m
book[33m/[39msuccess[33m
/[39mtemp[37m[41m[1m\[
22m[49m[39m
 [90m     |[39m          
                           
          
[31m[1m^[22m[39m
 [90m 227 |[39m         
} [36mcatch[39m 
(err[33m:[39m any) {
 [90m 228 |[39m          
   setError(err[33m.[39mm
essage)
 [90m 229 |[39m          
   setIsSubmitting([36mfal
se[39m)[0m

Expected unicode escape

Import traces:
  Server Component:
    ./.gemini/antigravity/s
cratch/barbershop/app/book/
[shopId]/BookingForm.tsx
    ./.gemini/antigravity/s
cratch/barbershop/app/[slug
]/barber/[barberId]/page.ts
x

  App Route:
    ./.gemini/antigravity/s
cratch/barbershop/app/book/
[shopId]/BookingForm.tsx
    ./.gemini/antigravity/s
cratch/barbershop/app/gener
ated/prisma/index.js
    ./.gemini/antigravity/s
cratch/barbershop/app/lib/p
risma.ts
    ./.gemini/antigravity/s
cratch/barbershop/app/book/
submit/route.ts


./.gemini/antigravity/scrat
ch/barbershop/app/book/[sho
pId]/BookingForm.tsx:226:66
Parsing ecmascript source 
code failed
[0m [90m 224 |[39m
 [90m 225 |[39m          
   [90m// Redirect 
happens in the route 
itself[39m
[31m[1m>[22m[39m[90m 
226 |[39m             wind
ow[33m.[39mlocation[33m.
[39mhref [33m=[39m 
res[33m.[39murl 
[33m||[39m [37m[41m[1m
\[22m[49m[39m[33m/[39m
book[33m/[39msuccess[33m
/[39mtemp[37m[41m[1m\[
22m[49m[39m
 [90m     |[39m          
                           
                           
  [31m[1m^[22m[39m
 [90m 227 |[39m         
} [36mcatch[39m 
(err[33m:[39m any) {
 [90m 228 |[39m          
   setError(err[33m.[39mm
essage)
 [90m 229 |[39m          
   setIsSubmitting([36mfal
se[39m)[0m

Expected unicode escape

Import traces:
  Server Component:
    ./.gemini/antigravity/s
cratch/barbershop/app/book/
[shopId]/BookingForm.tsx
    ./.gemini/antigravity/s
cratch/barbershop/app/[slug
]/barber/[barberId]/page.ts
x

  App Route:
    ./.gemini/antigravity/s
cratch/barbershop/app/book/
[shopId]/BookingForm.tsx
    ./.gemini/antigravity/s
cratch/barbershop/app/gener
ated/prisma/index.js
    ./.gemini/antigravity/s
cratch/barbershop/app/lib/p
risma.ts
    ./.gemini/antigravity/s
cratch/barbershop/app/book/
submit/route.ts


./.gemini/antigravity/scrat
ch/barbershop/app/book/[sho
pId]/BookingForm.tsx:226:48
Parsing ecmascript source 
code failed
[0m [90m 224 |[39m
 [90m 225 |[39m          
   [90m// Redirect 
happens in the route 
itself[39m
[31m[1m>[22m[39m[90m 
226 |[39m             wind
ow[33m.[39mlocation[33m.
[39mhref [33m=[39m 
res[33m.[39murl 
[33m||[39m [37m[41m[1m
\[22m[49m[39m[33m/[39m
book[33m/[39msuccess[33m
/[39mtemp[37m[41m[1m\[
22m[49m[39m
 [90m     |[39m          
                           
           
[31m[1m^[22m[39m
 [90m 227 |[39m         
} [36mcatch[39m 
(err[33m:[39m any) {
 [90m 228 |[39m          
   setError(err[33m.[39mm
essage)
 [90m 229 |[39m          
   setIsSubmitting([36mfal
se[39m)[0m

Expression expected

Import traces:
  Server Component:
    ./.gemini/antigravity/s
cratch/barbershop/app/book/
[shopId]/BookingForm.tsx
    ./.gemini/antigravity/s
cratch/barbershop/app/[slug
]/barber/[barberId]/page.ts
x

  App Route:
    ./.gemini/antigravity/s
cratch/barbershop/app/book/
[shopId]/BookingForm.tsx
    ./.gemini/antigravity/s
cratch/barbershop/app/gener
ated/prisma/index.js
    ./.gemini/antigravity/s
cratch/barbershop/app/lib/p
risma.ts
    ./.gemini/antigravity/s
cratch/barbershop/app/book/
submit/route.ts


    at <unknown> (./.gemini
/antigravity/scratch/barber
shop/app/book/[shopId]/Book
ingForm.tsx:226:47)
    at <unknown> (./.gemini
/antigravity/scratch/barber
shop/app/book/[shopId]/Book
ingForm.tsx:226:66)
    at <unknown> (./.gemini
/antigravity/scratch/barber
shop/app/book/[shopId]/Book
ingForm.tsx:226:48)
